Task added successfully: go to library  Once
1. incomplete; go to library; -; -; Once
Task added successfully: go to gym  Once
1. incomplete; go to gym; -; -; Once
2. incomplete; go to library; -; -; Once
Task added successfully: go to lecture by 10:00 05 Apr Once
1. incomplete; go to lecture; -; 10:00 05 Apr; Once
2. incomplete; go to gym; -; -; Once
3. incomplete; go to library; -; -; Once
Task added successfully: submit paper by 23:59 12 Apr Once
1. incomplete; go to lecture; -; 10:00 05 Apr; Once
2. incomplete; submit paper; -; 23:59 12 Apr; Once
3. incomplete; go to gym; -; -; Once
4. incomplete; go to library; -; -; Once
Invalid command. Please try again.
Task list not loaded
Task deleted: go to gym  Once
1. incomplete; go to lecture; -; 10:00 05 Apr; Once
2. incomplete; submit paper; -; 23:59 12 Apr; Once
3. incomplete; go to library; -; -; Once
Task deleted: submit paper by 23:59 12 Apr Once
1. incomplete; go to lecture; -; 10:00 05 Apr; Once
2. incomplete; go to library; -; -; Once

