Task added successfully: dinner with family  Once
1. incomplete; dinner with family; -; -; Once
Task added successfully: buy presents for dennis  Once
1. incomplete; buy presents for dennis; -; -; Once
2. incomplete; dinner with family; -; -; Once
Invalid command. Please try again.
Task list not loaded
Task number 3 not found in task list
1. incomplete; buy presents for dennis; -; -; Once
2. incomplete; dinner with family; -; -; Once
Action undone: add buy presents for dennis  Once
1. incomplete; dinner with family; -; -; Once
Task number 2 not found in task list
1. incomplete; dinner with family; -; -; Once